
uzma@LAPTOP-RV81UL4O MINGW64 ~/Desktop/git/project_dir (main)
$ git init
Reinitialized existing Git repository in C:/Users/uzma/Desktop/git/project_dir/.git/

uzma@LAPTOP-RV81UL4O MINGW64 ~/Desktop/git/project_dir (main)
$ touch index.html

uzma@LAPTOP-RV81UL4O MINGW64 ~/Desktop/git/project_dir (main)
$ git status
On branch main
Your branch is up to date with 'origin/main'.

Untracked files:
  (use "git add <file>..." to include in what will be committed)
        index.html

nothing added to commit but untracked files present (use "git add" to track)

uzma@LAPTOP-RV81UL4O MINGW64 ~/Desktop/git/project_dir (main)
$ git add .

uzma@LAPTOP-RV81UL4O MINGW64 ~/Desktop/git/project_dir (main)
$ git commmit -m 'index.html committed'
git: 'commmit' is not a git command. See 'git --help'.

The most similar command is
        commit

uzma@LAPTOP-RV81UL4O MINGW64 ~/Desktop/git/project_dir (main)
$ git commit -m 'index.html committed'
[main e2680d6] index.html committed
 1 file changed, 0 insertions(+), 0 deletions(-)
 create mode 100644 index.html

uzma@LAPTOP-RV81UL4O MINGW64 ~/Desktop/git/project_dir (main)
$ git status
On branch main
Your branch is ahead of 'origin/main' by 1 commit.
  (use "git push" to publish your local commits)

Changes not staged for commit:
  (use "git add <file>..." to update what will be committed)
  (use "git restore <file>..." to discard changes in working directory)
        modified:   index.html

no changes added to commit (use "git add" and/or "git commit -a")

uzma@LAPTOP-RV81UL4O MINGW64 ~/Desktop/git/project_dir (main)
$ git add .

uzma@LAPTOP-RV81UL4O MINGW64 ~/Desktop/git/project_dir (main)
$ git commit -m 'after changes index.html'
[main c0053db] after changes index.html
 1 file changed, 15 insertions(+)

uzma@LAPTOP-RV81UL4O MINGW64 ~/Desktop/git/project_dir (main)
$ touch info.txt

uzma@LAPTOP-RV81UL4O MINGW64 ~/Desktop/git/project_dir (main)
$ git status
On branch main
Your branch is ahead of 'origin/main' by 2 commits.
  (use "git push" to publish your local commits)

Untracked files:
  (use "git add <file>..." to include in what will be committed)
        info.txt

nothing added to commit but untracked files present (use "git add" to track)

uzma@LAPTOP-RV81UL4O MINGW64 ~/Desktop/git/project_dir (main)
$ git ignore txt
git: 'ignore' is not a git command. See 'git --help'.

uzma@LAPTOP-RV81UL4O MINGW64 ~/Desktop/git/project_dir (main)
$ git status
On branch main
Your branch is ahead of 'origin/main' by 2 commits.
  (use "git push" to publish your local commits)

Untracked files:
  (use "git add <file>..." to include in what will be committed)
        info.txt

nothing added to commit but untracked files present (use "git add" to track)

uzma@LAPTOP-RV81UL4O MINGW64 ~/Desktop/git/project_dir (main)
$ git add .

uzma@LAPTOP-RV81UL4O MINGW64 ~/Desktop/git/project_dir (main)
$ git commit -m 'info txt added '
[main 0877d15] info txt added
 1 file changed, 0 insertions(+), 0 deletions(-)
 create mode 100644 info.txt

uzma@LAPTOP-RV81UL4O MINGW64 ~/Desktop/git/project_dir (main)
$ git log
commit 0877d15c6beb681f84d87aa5c4bbf0af20fe05d9 (HEAD -> main)
Author: uzma saajid <73434008+saniauzma@users.noreply.github.com>
Date:   Thu Mar 31 10:12:31 2022 +0530

    info txt added

commit c0053dbe584ffd68c57ee946983ff0f6448bbb5a
Author: uzma saajid <73434008+saniauzma@users.noreply.github.com>
Date:   Thu Mar 31 10:10:05 2022 +0530

    after changes index.html

commit e2680d6fba1762089f18f2dce64e49593fca2ef4
Author: uzma saajid <73434008+saniauzma@users.noreply.github.com>
Date:   Thu Mar 31 10:07:16 2022 +0530

    index.html committed

commit 094287e8ddde7c4dbb92ccc1cde29c7898de3f84 (origin/main, origin/HEAD)
Author: asadAli <97747175+frikyalii@users.noreply.github.com>
Date:   Thu Mar 31 10:02:35 2022 +0530

    Initial commit

uzma@LAPTOP-RV81UL4O MINGW64 ~/Desktop/git/project_dir (main)
$ git status
On branch main
Your branch is ahead of 'origin/main' by 3 commits.
  (use "git push" to publish your local commits)

Changes not staged for commit:
  (use "git add <file>..." to update what will be committed)
  (use "git restore <file>..." to discard changes in working directory)
        modified:   index.html

no changes added to commit (use "git add" and/or "git commit -a")

uzma@LAPTOP-RV81UL4O MINGW64 ~/Desktop/git/project_dir (main)
$ git add .

uzma@LAPTOP-RV81UL4O MINGW64 ~/Desktop/git/project_dir (main)
$ git reset --soft head~

uzma@LAPTOP-RV81UL4O MINGW64 ~/Desktop/git/project_dir (main)
$ git log
commit c0053dbe584ffd68c57ee946983ff0f6448bbb5a (HEAD -> main)
Author: uzma saajid <73434008+saniauzma@users.noreply.github.com>
Date:   Thu Mar 31 10:10:05 2022 +0530

    after changes index.html

commit e2680d6fba1762089f18f2dce64e49593fca2ef4
Author: uzma saajid <73434008+saniauzma@users.noreply.github.com>
Date:   Thu Mar 31 10:07:16 2022 +0530

    index.html committed

commit 094287e8ddde7c4dbb92ccc1cde29c7898de3f84 (origin/main, origin/HEAD)
Author: asadAli <97747175+frikyalii@users.noreply.github.com>
Date:   Thu Mar 31 10:02:35 2022 +0530

    Initial commit

uzma@LAPTOP-RV81UL4O MINGW64 ~/Desktop/git/project_dir (main)
$ git status
On branch main
Your branch is ahead of 'origin/main' by 2 commits.
  (use "git push" to publish your local commits)

Changes to be committed:
  (use "git restore --staged <file>..." to unstage)
        modified:   index.html
        new file:   info.txt


uzma@LAPTOP-RV81UL4O MINGW64 ~/Desktop/git/project_dir (main)
$ git config --global alias.myadd add

uzma@LAPTOP-RV81UL4O MINGW64 ~/Desktop/git/project_dir (main)
$ git status
On branch main
Your branch is ahead of 'origin/main' by 2 commits.
  (use "git push" to publish your local commits)

Changes to be committed:
  (use "git restore --staged <file>..." to unstage)
        modified:   index.html
        new file:   info.txt


uzma@LAPTOP-RV81UL4O MINGW64 ~/Desktop/git/project_dir (main)
$ git status
On branch main
Your branch is ahead of 'origin/main' by 2 commits.
  (use "git push" to publish your local commits)

Changes to be committed:
  (use "git restore --staged <file>..." to unstage)
        modified:   index.html
        new file:   info.txt

Changes not staged for commit:
  (use "git add <file>..." to update what will be committed)
  (use "git restore <file>..." to discard changes in working directory)
        modified:   index.html


uzma@LAPTOP-RV81UL4O MINGW64 ~/Desktop/git/project_dir (main)
$ git myadd .

uzma@LAPTOP-RV81UL4O MINGW64 ~/Desktop/git/project_dir (main)
$ git commit -m 'index.html change after changing add to  myadd'
[main d8aee14] index.html change after changing add to  myadd
 2 files changed, 1 insertion(+), 1 deletion(-)
 create mode 100644 info.txt

uzma@LAPTOP-RV81UL4O MINGW64 ~/Desktop/git/project_dir (main)
$ git reset --soft head~

uzma@LAPTOP-RV81UL4O MINGW64 ~/Desktop/git/project_dir (main)
$ git log
commit c0053dbe584ffd68c57ee946983ff0f6448bbb5a (HEAD -> main)
Author: uzma saajid <73434008+saniauzma@users.noreply.github.com>
Date:   Thu Mar 31 10:10:05 2022 +0530

    after changes index.html

commit e2680d6fba1762089f18f2dce64e49593fca2ef4
Author: uzma saajid <73434008+saniauzma@users.noreply.github.com>
Date:   Thu Mar 31 10:07:16 2022 +0530

    index.html committed

commit 094287e8ddde7c4dbb92ccc1cde29c7898de3f84 (origin/main, origin/HEAD)
Author: asadAli <97747175+frikyalii@users.noreply.github.com>
Date:   Thu Mar 31 10:02:35 2022 +0530

    Initial commit

uzma@LAPTOP-RV81UL4O MINGW64 ~/Desktop/git/project_dir (main)
$
